// Jest Snapshot v1, https://goo.gl/fbAQLP

exports[`renders correctly 1`] = `
<svg
  height={100}
  onClick={[Function]}
  role="square-container"
  width={100}
  x={0}
  y={600}
>
  <rect
    className="light "
    height={100}
    role="square"
    width={100}
  />
</svg>
`;
